Fitter report for ins_decode
Sat Dec 06 17:00:38 2025
Quartus II Version 9.0 Build 184 04/29/2009 Service Pack 1 SJ Web Edition


---------------------
; Table of Contents ;
---------------------
  1. Legal Notice
  2. Fitter Summary
  3. Fitter Settings
  4. Parallel Compilation
  5. Fitter Device Options
  6. Input Pins
  7. Output Pins
  8. All Package Pins
  9. Global & Other Fast Signals
 10. Non-Global High Fan-Out Signals
 11. LAB
 12. Local Routing Interconnect
 13. LAB External Interconnect
 14. Row Interconnect
 15. LAB Column Interconnect
 16. LAB Column Interconnect
 17. Fitter Resource Usage Summary
 18. Fitter Resource Utilization by Entity
 19. Delay Chain Summary
 20. Pin-Out File
 21. Fitter Messages



----------------
; Legal Notice ;
----------------
Copyright (C) 1991-2009 Altera Corporation
Your use of Altera Corporation's design tools, logic functions 
and other software and tools, and its AMPP partner logic 
functions, and any output files from any of the foregoing 
(including device programming or simulation files), and any 
associated documentation or information are expressly subject 
to the terms and conditions of the Altera Program License 
Subscription Agreement, Altera MegaCore Function License 
Agreement, or other applicable license agreement, including, 
without limitation, that your use is for the sole purpose of 
programming logic devices manufactured by Altera and sold by 
Altera or its authorized distributors.  Please refer to the 
applicable agreement for further details.



+----------------------------------------------------------------------+
; Fitter Summary                                                       ;
+-----------------------+----------------------------------------------+
; Fitter Status         ; Successful - Sat Dec 06 17:00:38 2025        ;
; Quartus II Version    ; 9.0 Build 184 04/29/2009 SP 1 SJ Web Edition ;
; Revision Name         ; ins_decode                                   ;
; Top-level Entity Name ; ins_decode                                   ;
; Family                ; FLEX10K                                      ;
; Device                ; EPF10K20TC144-4                              ;
; Timing Models         ; Final                                        ;
; Total logic elements  ; 24 / 1,152 ( 2 % )                           ;
; Total pins            ; 17 / 102 ( 17 % )                            ;
; Total memory bits     ; 0 / 12,288 ( 0 % )                           ;
+-----------------------+----------------------------------------------+


+------------------------------------------------------------------------------------------------------+
; Fitter Settings                                                                                      ;
+------------------------------------------------------------+--------------------+--------------------+
; Option                                                     ; Setting            ; Default Value      ;
+------------------------------------------------------------+--------------------+--------------------+
; Device                                                     ; EPF10K20TC144-4    ;                    ;
; Use smart compilation                                      ; Off                ; Off                ;
; Use TimeQuest Timing Analyzer                              ; Off                ; Off                ;
; Router Timing Optimization Level                           ; Normal             ; Normal             ;
; Placement Effort Multiplier                                ; 1.0                ; 1.0                ;
; Router Effort Multiplier                                   ; 1.0                ; 1.0                ;
; Optimize Timing                                            ; Normal compilation ; Normal compilation ;
; Optimize Timing for ECOs                                   ; Off                ; Off                ;
; Regenerate full fit report during ECO compiles             ; Off                ; Off                ;
; Optimize IOC Register Placement for Timing                 ; On                 ; On                 ;
; Limit to One Fitting Attempt                               ; Off                ; Off                ;
; Final Placement Optimizations                              ; Automatically      ; Automatically      ;
; Fitter Aggressive Routability Optimizations                ; Automatically      ; Automatically      ;
; Fitter Initial Placement Seed                              ; 1                  ; 1                  ;
; Slow Slew Rate                                             ; Off                ; Off                ;
; Auto Global Memory Control Signals                         ; Off                ; Off                ;
; Logic Cell Insertion - Individual Logic Cells              ; On                 ; On                 ;
; Logic Cell Insertion - I/Os Fed By Carry or Cascade Chains ; On                 ; On                 ;
; Fitter Effort                                              ; Auto Fit           ; Auto Fit           ;
; Auto Global Clock                                          ; On                 ; On                 ;
; Auto Global Output Enable                                  ; On                 ; On                 ;
; Auto Global Register Control Signals                       ; On                 ; On                 ;
; Force Fitter to Avoid Periphery Placement Warnings         ; Off                ; Off                ;
+------------------------------------------------------------+--------------------+--------------------+


Parallel compilation was disabled, but you have multiple processors available. Enable parallel compilation to reduce compilation time.
+-------------------------------------+
; Parallel Compilation                ;
+----------------------------+--------+
; Processors                 ; Number ;
+----------------------------+--------+
; Number detected on machine ; 16     ;
; Maximum allowed            ; 1      ;
+----------------------------+--------+


+-------------------------------------------------------------------------+
; Fitter Device Options                                                   ;
+----------------------------------------------+--------------------------+
; Option                                       ; Setting                  ;
+----------------------------------------------+--------------------------+
; Enable user-supplied start-up clock (CLKUSR) ; Off                      ;
; Enable device-wide reset (DEV_CLRn)          ; Off                      ;
; Enable device-wide output enable (DEV_OE)    ; Off                      ;
; Enable INIT_DONE output                      ; Off                      ;
; Configuration scheme                         ; Passive Serial           ;
; nWS, nRS, nCS, CS                            ; Unreserved               ;
; RDYnBUSY                                     ; Unreserved               ;
; Data[7..1]                                   ; Unreserved               ;
; Reserve all unused pins                      ; As output driving ground ;
; Base pin-out file on sameframe device        ; Off                      ;
+----------------------------------------------+--------------------------+


+---------------------------------------------------------------------------------------------------------------------------------------+
; Input Pins                                                                                                                            ;
+-------+-------+-----+------+---------+--------+--------------+-------------------------+---------------+---------------+--------------+
; Name  ; Pin # ; Row ; Col. ; Fan-Out ; Global ; I/O Register ; Use Local Routing Input ; Power Up High ; Single-Pin CE ; I/O Standard ;
+-------+-------+-----+------+---------+--------+--------------+-------------------------+---------------+---------------+--------------+
; en    ; 126   ; --  ; --   ; 12      ; no     ; no           ; no                      ; no            ; no            ; TTL          ;
; ir[0] ; 124   ; --  ; --   ; 12      ; no     ; no           ; no                      ; no            ; no            ; TTL          ;
; ir[1] ; 54    ; --  ; --   ; 12      ; no     ; no           ; no                      ; no            ; no            ; TTL          ;
; ir[2] ; 56    ; --  ; --   ; 12      ; no     ; no           ; no                      ; no            ; no            ; TTL          ;
; ir[3] ; 125   ; --  ; --   ; 12      ; no     ; no           ; no                      ; no            ; no            ; TTL          ;
+-------+-------+-----+------+---------+--------+--------------+-------------------------+---------------+---------------+--------------+


+----------------------------------------------------------------------------------------------------------------------------------------------------------------------------------+
; Output Pins                                                                                                                                                                      ;
+------+-------+-----+------+--------------+--------------------------+---------------+----------------+---------------+---------------+------------+---------------+--------------+
; Name ; Pin # ; Row ; Col. ; I/O Register ; Use Local Routing Output ; Power Up High ; Slow Slew Rate ; Single-Pin OE ; Single-Pin CE ; Open Drain ; TRI Primitive ; I/O Standard ;
+------+-------+-----+------+--------------+--------------------------+---------------+----------------+---------------+---------------+------------+---------------+--------------+
; mova ; 18    ;  D  ; --   ; no           ; no                       ; no            ; no             ; no            ; no            ; no         ; no            ; TTL          ;
; movb ; 91    ;  C  ; --   ; no           ; no                       ; no            ; no             ; no            ; no            ; no         ; no            ; TTL          ;
; movc ; 12    ;  C  ; --   ; no           ; no                       ; no            ; no             ; no            ; no            ; no         ; no            ; TTL          ;
; movd ; 23    ;  D  ; --   ; no           ; no                       ; no            ; no             ; no            ; no            ; no         ; no            ; TTL          ;
; add  ; 89    ;  C  ; --   ; no           ; no                       ; no            ; no             ; no            ; no            ; no         ; no            ; TTL          ;
; sub  ; 19    ;  D  ; --   ; no           ; no                       ; no            ; no             ; no            ; no            ; no         ; no            ; TTL          ;
; jmp  ; 21    ;  D  ; --   ; no           ; no                       ; no            ; no             ; no            ; no            ; no         ; no            ; TTL          ;
; jg   ; 92    ;  C  ; --   ; no           ; no                       ; no            ; no             ; no            ; no            ; no         ; no            ; TTL          ;
; in1  ; 78    ;  F  ; --   ; no           ; no                       ; no            ; no             ; no            ; no            ; no         ; no            ; TTL          ;
; out1 ; 81    ;  F  ; --   ; no           ; no                       ; no            ; no             ; no            ; no            ; no         ; no            ; TTL          ;
; movi ; 32    ;  F  ; --   ; no           ; no                       ; no            ; no             ; no            ; no            ; no         ; no            ; TTL          ;
; halt ; 80    ;  F  ; --   ; no           ; no                       ; no            ; no             ; no            ; no            ; no         ; no            ; TTL          ;
+------+-------+-----+------+--------------+--------------------------+---------------+----------------+---------------+---------------+------------+---------------+--------------+


+-----------------------------------+
; All Package Pins                  ;
+-------+------------+--------------+
; Pin # ; Usage      ; I/O Standard ;
+-------+------------+--------------+
; 1     ; #TCK       ;              ;
; 2     ; ^CONF_DONE ;              ;
; 3     ; ^nCEO      ;              ;
; 4     ; #TDO       ;              ;
; 5     ; VCC_IO     ;              ;
; 6     ; VCC_INT    ;              ;
; 7     ; GND*       ;              ;
; 8     ; GND*       ;              ;
; 9     ; GND*       ;              ;
; 10    ; GND*       ;              ;
; 11    ; GND*       ;              ;
; 12    ; movc       ; TTL          ;
; 13    ; GND*       ;              ;
; 14    ; GND*       ;              ;
; 15    ; GND_IO     ;              ;
; 16    ; GND_INT    ;              ;
; 17    ; GND*       ;              ;
; 18    ; mova       ; TTL          ;
; 19    ; sub        ; TTL          ;
; 20    ; GND*       ;              ;
; 21    ; jmp        ; TTL          ;
; 22    ; GND*       ;              ;
; 23    ; movd       ; TTL          ;
; 24    ; VCC_IO     ;              ;
; 25    ; VCC_INT    ;              ;
; 26    ; GND*       ;              ;
; 27    ; GND*       ;              ;
; 28    ; GND*       ;              ;
; 29    ; GND*       ;              ;
; 30    ; GND*       ;              ;
; 31    ; GND*       ;              ;
; 32    ; movi       ; TTL          ;
; 33    ; GND*       ;              ;
; 34    ; #TMS       ;              ;
; 35    ; ^nSTATUS   ;              ;
; 36    ; GND*       ;              ;
; 37    ; GND*       ;              ;
; 38    ; GND*       ;              ;
; 39    ; GND*       ;              ;
; 40    ; GND_IO     ;              ;
; 41    ; GND*       ;              ;
; 42    ; GND*       ;              ;
; 43    ; GND*       ;              ;
; 44    ; GND*       ;              ;
; 45    ; VCC_IO     ;              ;
; 46    ; GND*       ;              ;
; 47    ; GND*       ;              ;
; 48    ; GND*       ;              ;
; 49    ; GND*       ;              ;
; 50    ; GND_IO     ;              ;
; 51    ; GND*       ;              ;
; 52    ; VCC_INT    ;              ;
; 53    ; VCC_INT    ;              ;
; 54    ; ir[1]      ; TTL          ;
; 55    ; GND+       ;              ;
; 56    ; ir[2]      ; TTL          ;
; 57    ; GND_INT    ;              ;
; 58    ; GND_INT    ;              ;
; 59    ; GND*       ;              ;
; 60    ; GND*       ;              ;
; 61    ; VCC_IO     ;              ;
; 62    ; GND*       ;              ;
; 63    ; GND*       ;              ;
; 64    ; GND*       ;              ;
; 65    ; GND*       ;              ;
; 66    ; GND_IO     ;              ;
; 67    ; GND*       ;              ;
; 68    ; GND*       ;              ;
; 69    ; GND*       ;              ;
; 70    ; GND*       ;              ;
; 71    ; VCC_IO     ;              ;
; 72    ; GND*       ;              ;
; 73    ; GND*       ;              ;
; 74    ; ^nCONFIG   ;              ;
; 75    ; VCC_INT    ;              ;
; 76    ; ^MSEL1     ;              ;
; 77    ; ^MSEL0     ;              ;
; 78    ; in1        ; TTL          ;
; 79    ; GND*       ;              ;
; 80    ; halt       ; TTL          ;
; 81    ; out1       ; TTL          ;
; 82    ; GND*       ;              ;
; 83    ; GND*       ;              ;
; 84    ; GND_INT    ;              ;
; 85    ; GND_IO     ;              ;
; 86    ; GND*       ;              ;
; 87    ; GND*       ;              ;
; 88    ; GND*       ;              ;
; 89    ; add        ; TTL          ;
; 90    ; GND*       ;              ;
; 91    ; movb       ; TTL          ;
; 92    ; jg         ; TTL          ;
; 93    ; VCC_INT    ;              ;
; 94    ; VCC_IO     ;              ;
; 95    ; GND*       ;              ;
; 96    ; GND*       ;              ;
; 97    ; GND*       ;              ;
; 98    ; GND*       ;              ;
; 99    ; GND*       ;              ;
; 100   ; GND*       ;              ;
; 101   ; GND*       ;              ;
; 102   ; GND*       ;              ;
; 103   ; GND_INT    ;              ;
; 104   ; GND_IO     ;              ;
; 105   ; #TDI       ;              ;
; 106   ; ^nCE       ;              ;
; 107   ; ^DCLK      ;              ;
; 108   ; ^DATA0     ;              ;
; 109   ; GND*       ;              ;
; 110   ; GND*       ;              ;
; 111   ; GND*       ;              ;
; 112   ; GND*       ;              ;
; 113   ; GND*       ;              ;
; 114   ; GND*       ;              ;
; 115   ; VCC_IO     ;              ;
; 116   ; GND*       ;              ;
; 117   ; GND*       ;              ;
; 118   ; GND*       ;              ;
; 119   ; GND*       ;              ;
; 120   ; GND*       ;              ;
; 121   ; GND*       ;              ;
; 122   ; GND*       ;              ;
; 123   ; VCC_INT    ;              ;
; 124   ; ir[0]      ; TTL          ;
; 125   ; ir[3]      ; TTL          ;
; 126   ; en         ; TTL          ;
; 127   ; GND_INT    ;              ;
; 128   ; GND*       ;              ;
; 129   ; GND_IO     ;              ;
; 130   ; GND*       ;              ;
; 131   ; GND*       ;              ;
; 132   ; GND*       ;              ;
; 133   ; GND*       ;              ;
; 134   ; VCC_IO     ;              ;
; 135   ; GND*       ;              ;
; 136   ; GND*       ;              ;
; 137   ; GND*       ;              ;
; 138   ; GND*       ;              ;
; 139   ; GND_IO     ;              ;
; 140   ; GND*       ;              ;
; 141   ; GND*       ;              ;
; 142   ; GND*       ;              ;
; 143   ; GND*       ;              ;
; 144   ; GND*       ;              ;
+-------+------------+--------------+


+----------------------------------+
; Global & Other Fast Signals      ;
+-------+-------+---------+--------+
; Name  ; Pin # ; Fan-Out ; Global ;
+-------+-------+---------+--------+
; en    ; 126   ; 12      ; no     ;
; ir[0] ; 124   ; 12      ; no     ;
; ir[1] ; 54    ; 12      ; no     ;
; ir[2] ; 56    ; 12      ; no     ;
; ir[3] ; 125   ; 12      ; no     ;
+-------+-------+---------+--------+


+---------------------------------+
; Non-Global High Fan-Out Signals ;
+-------------+-------------------+
; Name        ; Fan-Out           ;
+-------------+-------------------+
; en          ; 12                ;
; ir[0]       ; 12                ;
; ir[2]       ; 12                ;
; ir[3]       ; 12                ;
; ir[1]       ; 12                ;
; Decoder0~20 ; 1                 ;
; mova~2      ; 1                 ;
; sub~2       ; 1                 ;
; Decoder0~16 ; 1                 ;
; Decoder0~14 ; 1                 ;
; Decoder0~13 ; 1                 ;
; Decoder0~18 ; 1                 ;
; Decoder0~17 ; 1                 ;
; Decoder0~15 ; 1                 ;
; Decoder0~12 ; 1                 ;
; Decoder0~23 ; 1                 ;
; Decoder0~22 ; 1                 ;
; jmp~2       ; 1                 ;
; Decoder0~21 ; 1                 ;
; Decoder0~19 ; 1                 ;
; halt~2      ; 1                 ;
; movi~2      ; 1                 ;
; out1~2      ; 1                 ;
; in1~2       ; 1                 ;
; movc~2      ; 1                 ;
; jg~2        ; 1                 ;
; add~2       ; 1                 ;
; movb~2      ; 1                 ;
; movd~2      ; 1                 ;
+-------------+-------------------+


+-------------------------------------------+
; LAB                                       ;
+--------------------------+----------------+
; Number of Logic Elements ; Number of LABs ;
+--------------------------+----------------+
; 0                        ; 141            ;
; 1                        ; 0              ;
; 2                        ; 0              ;
; 3                        ; 0              ;
; 4                        ; 0              ;
; 5                        ; 0              ;
; 6                        ; 0              ;
; 7                        ; 0              ;
; 8                        ; 3              ;
+--------------------------+----------------+


+----------------------------------------------+
; Local Routing Interconnect                   ;
+-----------------------------+----------------+
; Local Routing Interconnects ; Number of LABs ;
+-----------------------------+----------------+
; 0                           ; 141            ;
; 1                           ; 0              ;
; 2                           ; 0              ;
; 3                           ; 0              ;
; 4                           ; 3              ;
+-----------------------------+----------------+


+---------------------------------------------+
; LAB External Interconnect                   ;
+----------------------------+----------------+
; LAB External Interconnects ; Number of LABs ;
+----------------------------+----------------+
; 0                          ; 141            ;
; 1                          ; 0              ;
; 2                          ; 0              ;
; 3                          ; 0              ;
; 4                          ; 0              ;
; 5                          ; 3              ;
+----------------------------+----------------+


+----------------------------------------------------------------------------------------+
; Row Interconnect                                                                       ;
+-------+-------------------+-----------------------------+------------------------------+
; Row   ; Interconnect Used ; Left Half Interconnect Used ; Right Half Interconnect Used ;
+-------+-------------------+-----------------------------+------------------------------+
;  A    ;  0 / 96 ( 0 % )   ;  0 / 48 ( 0 % )             ;  0 / 48 ( 0 % )              ;
;  B    ;  0 / 96 ( 0 % )   ;  0 / 48 ( 0 % )             ;  0 / 48 ( 0 % )              ;
;  C    ;  1 / 96 ( 1 % )   ;  3 / 48 ( 6 % )             ;  0 / 48 ( 0 % )              ;
;  D    ;  3 / 96 ( 3 % )   ;  0 / 48 ( 0 % )             ;  1 / 48 ( 2 % )              ;
;  E    ;  0 / 96 ( 0 % )   ;  0 / 48 ( 0 % )             ;  0 / 48 ( 0 % )              ;
;  F    ;  2 / 96 ( 2 % )   ;  2 / 48 ( 4 % )             ;  0 / 48 ( 0 % )              ;
; Total ;  6 / 576 ( 1 % )  ;  5 / 288 ( 2 % )            ;  1 / 288 ( < 1 % )           ;
+-------+-------------------+-----------------------------+------------------------------+


+---------------------------+
; LAB Column Interconnect   ;
+-------+-------------------+
; Col.  ; Interconnect Used ;
+-------+-------------------+
; 1     ;  0 / 24 ( 0 % )   ;
; 2     ;  0 / 24 ( 0 % )   ;
; 3     ;  0 / 24 ( 0 % )   ;
; 4     ;  0 / 24 ( 0 % )   ;
; 5     ;  0 / 24 ( 0 % )   ;
; 6     ;  0 / 24 ( 0 % )   ;
; 7     ;  0 / 24 ( 0 % )   ;
; 8     ;  0 / 24 ( 0 % )   ;
; 9     ;  0 / 24 ( 0 % )   ;
; 10    ;  0 / 24 ( 0 % )   ;
; 11    ;  0 / 24 ( 0 % )   ;
; 12    ;  0 / 24 ( 0 % )   ;
; 13    ;  0 / 24 ( 0 % )   ;
; 14    ;  0 / 24 ( 0 % )   ;
; 15    ;  0 / 24 ( 0 % )   ;
; 16    ;  0 / 24 ( 0 % )   ;
; 17    ;  0 / 24 ( 0 % )   ;
; 18    ;  0 / 24 ( 0 % )   ;
; 19    ;  0 / 24 ( 0 % )   ;
; 20    ;  0 / 24 ( 0 % )   ;
; 21    ;  0 / 24 ( 0 % )   ;
; 22    ;  0 / 24 ( 0 % )   ;
; 23    ;  0 / 24 ( 0 % )   ;
; 24    ;  0 / 24 ( 0 % )   ;
; Total ;  0 / 576 ( 0 % )  ;
+-------+-------------------+


+---------------------------+
; LAB Column Interconnect   ;
+-------+-------------------+
; Col.  ; Interconnect Used ;
+-------+-------------------+
; 1     ;  0 / 24 ( 0 % )   ;
; Total ;  0 / 24 ( 0 % )   ;
+-------+-------------------+


+--------------------------------------------------------+
; Fitter Resource Usage Summary                          ;
+-----------------------------------+--------------------+
; Resource                          ; Usage              ;
+-----------------------------------+--------------------+
; Total logic elements              ; 24 / 1,152 ( 2 % ) ;
; Registers                         ; 0 / 1,152 ( 0 % )  ;
; Logic elements in carry chains    ; 0                  ;
; User inserted logic elements      ; 0                  ;
; I/O pins                          ; 17 / 102 ( 17 % )  ;
;     -- Clock pins                 ; 1 / 2 ( 50 % )     ;
;     -- Dedicated input pins       ; 4 / 4 ( 100 % )    ;
; Global signals                    ; 0                  ;
; EABs                              ; 0 / 6 ( 0 % )      ;
; Total memory bits                 ; 0 / 12,288 ( 0 % ) ;
; Total RAM block bits              ; 0 / 12,288 ( 0 % ) ;
; Maximum fan-out node              ; en                 ;
; Maximum fan-out                   ; 12                 ;
; Highest non-global fan-out signal ; en                 ;
; Highest non-global fan-out        ; 12                 ;
; Total fan-out                     ; 84                 ;
; Average fan-out                   ; 2.05               ;
+-----------------------------------+--------------------+


+--------------------------------------------------------------------------------------------------------------------------------------------------------------------------------------------------------+
; Fitter Resource Utilization by Entity                                                                                                                                                                  ;
+----------------------------+-------------+--------------+-------------+------+--------------+-------------------+------------------+-----------------+------------+---------------------+--------------+
; Compilation Hierarchy Node ; Logic Cells ; LC Registers ; Memory Bits ; Pins ; LUT-Only LCs ; Register-Only LCs ; LUT/Register LCs ; Carry Chain LCs ; Packed LCs ; Full Hierarchy Name ; Library Name ;
+----------------------------+-------------+--------------+-------------+------+--------------+-------------------+------------------+-----------------+------------+---------------------+--------------+
; |ins_decode                ; 24 (24)     ; 0            ; 0           ; 17   ; 24 (24)      ; 0 (0)             ; 0 (0)            ; 0 (0)           ; 0 (0)      ; |ins_decode         ; work         ;
+----------------------------+-------------+--------------+-------------+------+--------------+-------------------+------------------+-----------------+------------+---------------------+--------------+
Note: For table entries with two numbers listed, the numbers in parentheses indicate the number of resources of the given type used by the specific entity alone. The numbers listed outside of parentheses indicate the total resources of the given type used by the specific entity and all of its sub-entities in the hierarchy.


+--------------------------------+
; Delay Chain Summary            ;
+-------+----------+-------------+
; Name  ; Pin Type ; Pad to Core ;
+-------+----------+-------------+
; en    ; Input    ; OFF         ;
; ir[0] ; Input    ; OFF         ;
; ir[1] ; Input    ; OFF         ;
; ir[2] ; Input    ; OFF         ;
; ir[3] ; Input    ; OFF         ;
; mova  ; Output   ; OFF         ;
; movb  ; Output   ; OFF         ;
; movc  ; Output   ; OFF         ;
; movd  ; Output   ; OFF         ;
; add   ; Output   ; OFF         ;
; sub   ; Output   ; OFF         ;
; jmp   ; Output   ; OFF         ;
; jg    ; Output   ; OFF         ;
; in1   ; Output   ; OFF         ;
; out1  ; Output   ; OFF         ;
; movi  ; Output   ; OFF         ;
; halt  ; Output   ; OFF         ;
+-------+----------+-------------+


+--------------+
; Pin-Out File ;
+--------------+
The pin-out file can be found in C:/Users/24631/Desktop/EXP_2/ins_decode/ins_decode.pin.


+-----------------+
; Fitter Messages ;
+-----------------+
Info: *******************************************************************
Info: Running Quartus II Fitter
    Info: Version 9.0 Build 184 04/29/2009 Service Pack 1 SJ Web Edition
    Info: Processing started: Sat Dec 06 17:00:37 2025
Info: Command: quartus_fit --read_settings_files=off --write_settings_files=off ins_decode -c ins_decode
Info: Selected device EPF10K20TC144-4 for design "ins_decode"
Info: Fitter is using the Classic Timing Analyzer
Info: Timing requirements not specified -- optimizing circuit to achieve the following default global requirements
    Info: Assuming a global fmax requirement of 1000 MHz
    Info: Not setting a global tsu requirement
    Info: Not setting a global tco requirement
    Info: Not setting a global tpd requirement
Info: Inserted 0 logic cells in first fitting attempt
Info: Started fitting attempt 1 on Sat Dec 06 2025 at 17:00:38
Info: Fitter placement preparation operations beginning
Info: Fitter placement preparation operations ending: elapsed time is 00:00:00
Info: Fitter placement operations beginning
Info: Fitter placement operations ending: elapsed time is 00:00:00
Info: Fitter routing operations beginning
Info: Fitter routing operations ending: elapsed time is 00:00:00
Info: Quartus II Fitter was successful. 0 errors, 0 warnings
    Info: Peak virtual memory: 248 megabytes
    Info: Processing ended: Sat Dec 06 17:00:38 2025
    Info: Elapsed time: 00:00:01
    Info: Total CPU time (on all processors): 00:00:00


